// Jest Snapshot v1, https://goo.gl/fbAQLP

exports[`renders component 1`] = `
<svg
  aria-labelledby="n7stspi-aria"
  height="100%"
  id={null}
  role="img"
  style={Object {}}
  viewBox="0 0 1360 1000"
  width="100%"
>
  <title
    id="n7stspi-aria"
  >
    Loading...
  </title>
  <rect
    clipPath="url(#n7stspi-diff)"
    height="100%"
    role="presentation"
    style={
      Object {
        "fill": "url(#n7stspi-animated-diff)",
      }
    }
    width="100%"
    x="0"
    y="0"
  />
  <defs>
    <clipPath
      id="n7stspi-diff"
    >
      <rect
        height="200"
        rx="8"
        ry="8"
        width="200"
        x="30"
        y="20"
      />
      <rect
        height="18"
        rx="0"
        ry="0"
        width="200"
        x="30"
        y="250"
      />
      <rect
        height="20"
        rx="0"
        ry="0"
        width="120"
        x="30"
        y="275"
      />
      <rect
        height="200"
        rx="8"
        ry="8"
        width="200"
        x="250"
        y="20"
      />
      <rect
        height="18"
        rx="0"
        ry="0"
        width="200"
        x="250"
        y="250"
      />
      <rect
        height="20"
        rx="0"
        ry="0"
        width="120"
        x="250"
        y="275"
      />
      <rect
        height="200"
        rx="8"
        ry="8"
        width="200"
        x="470"
        y="20"
      />
      <rect
        height="18"
        rx="0"
        ry="0"
        width="200"
        x="470"
        y="250"
      />
      <rect
        height="20"
        rx="0"
        ry="0"
        width="120"
        x="470"
        y="275"
      />
      <rect
        height="200"
        rx="8"
        ry="8"
        width="200"
        x="690"
        y="20"
      />
      <rect
        height="18"
        rx="0"
        ry="0"
        width="200"
        x="690"
        y="250"
      />
      <rect
        height="20"
        rx="0"
        ry="0"
        width="120"
        x="690"
        y="275"
      />
      <rect
        height="200"
        rx="8"
        ry="8"
        width="200"
        x="910"
        y="20"
      />
      <rect
        height="18"
        rx="0"
        ry="0"
        width="200"
        x="910"
        y="250"
      />
      <rect
        height="20"
        rx="0"
        ry="0"
        width="120"
        x="910"
        y="275"
      />
      <rect
        height="200"
        rx="8"
        ry="8"
        width="200"
        x="1130"
        y="20"
      />
      <rect
        height="18"
        rx="0"
        ry="0"
        width="200"
        x="1130"
        y="250"
      />
      <rect
        height="20"
        rx="0"
        ry="0"
        width="120"
        x="1130"
        y="275"
      />
      <rect
        height="200"
        rx="8"
        ry="8"
        width="200"
        x="30"
        y="340"
      />
      <rect
        height="18"
        rx="0"
        ry="0"
        width="200"
        x="30"
        y="570"
      />
      <rect
        height="20"
        rx="0"
        ry="0"
        width="120"
        x="30"
        y="595"
      />
      <rect
        height="200"
        rx="8"
        ry="8"
        width="200"
        x="250"
        y="340"
      />
      <rect
        height="18"
        rx="0"
        ry="0"
        width="200"
        x="250"
        y="570"
      />
      <rect
        height="20"
        rx="0"
        ry="0"
        width="120"
        x="250"
        y="595"
      />
      <rect
        height="200"
        rx="8"
        ry="8"
        width="200"
        x="470"
        y="340"
      />
      <rect
        height="18"
        rx="0"
        ry="0"
        width="200"
        x="470"
        y="570"
      />
      <rect
        height="20"
        rx="0"
        ry="0"
        width="120"
        x="470"
        y="595"
      />
      <rect
        height="200"
        rx="8"
        ry="8"
        width="200"
        x="690"
        y="340"
      />
      <rect
        height="18"
        rx="0"
        ry="0"
        width="200"
        x="690"
        y="570"
      />
      <rect
        height="20"
        rx="0"
        ry="0"
        width="120"
        x="690"
        y="595"
      />
      <rect
        height="200"
        rx="8"
        ry="8"
        width="200"
        x="910"
        y="340"
      />
      <rect
        height="18"
        rx="0"
        ry="0"
        width="200"
        x="910"
        y="570"
      />
      <rect
        height="20"
        rx="0"
        ry="0"
        width="120"
        x="910"
        y="595"
      />
      <rect
        height="200"
        rx="8"
        ry="8"
        width="200"
        x="1130"
        y="340"
      />
      <rect
        height="18"
        rx="0"
        ry="0"
        width="200"
        x="1130"
        y="570"
      />
      <rect
        height="20"
        rx="0"
        ry="0"
        width="120"
        x="1130"
        y="595"
      />
      <rect
        height="200"
        rx="8"
        ry="8"
        width="200"
        x="30"
        y="660"
      />
      <rect
        height="18"
        rx="0"
        ry="0"
        width="200"
        x="30"
        y="890"
      />
      <rect
        height="20"
        rx="0"
        ry="0"
        width="120"
        x="30"
        y="915"
      />
      <rect
        height="200"
        rx="8"
        ry="8"
        width="200"
        x="250"
        y="660"
      />
      <rect
        height="18"
        rx="0"
        ry="0"
        width="200"
        x="250"
        y="890"
      />
      <rect
        height="20"
        rx="0"
        ry="0"
        width="120"
        x="250"
        y="915"
      />
      <rect
        height="200"
        rx="8"
        ry="8"
        width="200"
        x="470"
        y="660"
      />
      <rect
        height="18"
        rx="0"
        ry="0"
        width="200"
        x="470"
        y="890"
      />
      <rect
        height="20"
        rx="0"
        ry="0"
        width="120"
        x="470"
        y="915"
      />
      <rect
        height="200"
        rx="8"
        ry="8"
        width="200"
        x="690"
        y="660"
      />
      <rect
        height="18"
        rx="0"
        ry="0"
        width="200"
        x="690"
        y="890"
      />
      <rect
        height="20"
        rx="0"
        ry="0"
        width="120"
        x="690"
        y="915"
      />
      <rect
        height="200"
        rx="8"
        ry="8"
        width="200"
        x="910"
        y="660"
      />
      <rect
        height="18"
        rx="0"
        ry="0"
        width="200"
        x="910"
        y="890"
      />
      <rect
        height="20"
        rx="0"
        ry="0"
        width="120"
        x="910"
        y="915"
      />
      <rect
        height="200"
        rx="8"
        ry="8"
        width="200"
        x="1130"
        y="660"
      />
      <rect
        height="18"
        rx="0"
        ry="0"
        width="200"
        x="1130"
        y="890"
      />
      <rect
        height="20"
        rx="0"
        ry="0"
        width="120"
        x="1130"
        y="915"
      />
    </clipPath>
    <linearGradient
      id="n7stspi-animated-diff"
    >
      <stop
        offset="0%"
        stopColor="#f5f6f7"
        stopOpacity={1}
      >
        <animate
          attributeName="offset"
          dur="1.2s"
          keyTimes="0; 0.25; 1"
          repeatCount="indefinite"
          values="-2; -2; 1"
        />
      </stop>
      <stop
        offset="50%"
        stopColor="#eee"
        stopOpacity={1}
      >
        <animate
          attributeName="offset"
          dur="1.2s"
          keyTimes="0; 0.25; 1"
          repeatCount="indefinite"
          values="-1; -1; 2"
        />
      </stop>
      <stop
        offset="100%"
        stopColor="#f5f6f7"
        stopOpacity={1}
      >
        <animate
          attributeName="offset"
          dur="1.2s"
          keyTimes="0; 0.25; 1"
          repeatCount="indefinite"
          values="0; 0; 3"
        />
      </stop>
    </linearGradient>
  </defs>
</svg>
`;
